// Jest Snapshot v1, https://goo.gl/fbAQLP

exports[`<Slide /> spanshot matches 1`] = `
<div>
  <div
    class="slide-show"
    data-testid="slide"
  >
    <h3
      class="slide__title"
    >
      <a
        class="slide__link"
        href="/categoriesPage/NewsPage"
      >
        PlayStation 5 launch confirmed: Sony's new consoles go on sale Nov. 12 starting at $400 - CNET
      </a>
    </h3>
    <img
      alt="pictureOfNews"
      class="slide__image"
      src="https://cnet1.cbsistatic.com/img/dUl2URQq7dAyQ0mGECp2k9M5MvQ=/1200x630/2020/09/17/25d17eb4-fa01-4a22-8923-1fa1e59e1eb4/ps5-screenshot-09-16-20.png"
    />
    <p
      class="slide__desc"
      data-testid="description"
    >
      We finally know how much PS5 will cost.
    </p>
  </div>
</div>
`;
