// Jest Snapshot v1, https://goo.gl/fbAQLP

exports[`Storyshots App/Navbar Default 1`] = `
<ul
  className="navbar-items"
>
  <li>
    <a
      aria-current={null}
      className="navbar-item"
      href="/TopNewsPage"
      onClick={[Function]}
    >
      Top News
    </a>
  </li>
  <li>
    <a
      aria-current={null}
      className="navbar-item"
      href="/CategoriesPage"
      onClick={[Function]}
    >
      Categories
    </a>
  </li>
  <li>
    <a
      aria-current={null}
      className="navbar-item"
      href="/SearchPage"
      onClick={[Function]}
    >
      Search
    </a>
  </li>
</ul>
`;
