// Jest Snapshot v1, https://goo.gl/fbAQLP

exports[`<NewsTile /> spanshot matches 1`] = `
<div>
  <div
    class="news-tile--wrapper"
    data-testid="news-tile"
  >
    <div
      class="news-tile"
    >
      <h5
        class="news-tile__title"
      >
        PlayStation 5 launch confirmed: Sony's new consoles go on sale Nov. 12 starting at $400 - CNET
      </h5>
      <div
        class="news-tile__img--wrapp"
      >
        <img
          alt="pictureOfNews"
          class="news-tile__img"
          src="https://cnet1.cbsistatic.com/img/dUl2URQq7dAyQ0mGECp2k9M5MvQ=/1200x630/2020/09/17/25d17eb4-fa01-4a22-8923-1fa1e59e1eb4/ps5-screenshot-09-16-20.png"
        />
      </div>
      <div
        class="news-tile__desc--wrapp"
      >
        <div
          class="news-tile__desc"
          data-testid="description"
        >
          We finally know how much PS5 will cost.
        </div>
        <a
          class="news-tile__link"
          href="TopNewsPage/NewsPage"
        >
          More &gt;
        </a>
      </div>
    </div>
  </div>
</div>
`;
