// Jest Snapshot v1, https://goo.gl/fbAQLP

exports[`<NewsTile /> spanshot matches 1`] = `
<div
  className="news-tile--wrapper"
>
  <div
    className="news-tile"
  >
    <h5
      className="news-tile__title"
    >
      PlayStation 5 launch confirmed: Sony's new consoles go on sale Nov. 12 starting at $400 - CNET
    </h5>
    <div
      className="news-tile__img--wrapp"
    >
      <img
        alt="pictureOfNews"
        className="news-tile__img"
        src="https://cnet1.cbsistatic.com/img/dUl2URQq7dAyQ0mGECp2k9M5MvQ=/1200x630/2020/09/17/25d17eb4-fa01-4a22-8923-1fa1e59e1eb4/ps5-screenshot-09-16-20.png"
      />
    </div>
    <div
      className="news-tile__desc--wrapp"
    >
      <div
        className="news-tile__desc"
      >
        We finally know how much PS5 will cost.
      </div>
      <Link
        className="news-tile__link"
        to={
          Object {
            "pathname": "undefined/NewsPage",
            "state": Object {
              "author": "Eli Blumenthal",
              "categoryName": undefined,
              "content": "The PlayStation 5 now has a price and release date. 
Sony
Ready for the PlayStation 5? You can now preorder the new console \\"at select retailers\\" for $500 (£450, AU$750) for the Blu-ray equipped ve… [+3327 chars]",
              "parentPath": "undefined/TopNewsPage",
              "publishedAt": "2020-09-17T17:02:00Z",
              "title": "PlayStation 5 launch confirmed: Sony's new consoles go on sale Nov. 12 starting at $400 - CNET",
              "urlToImage": "https://cnet1.cbsistatic.com/img/dUl2URQq7dAyQ0mGECp2k9M5MvQ=/1200x630/2020/09/17/25d17eb4-fa01-4a22-8923-1fa1e59e1eb4/ps5-screenshot-09-16-20.png",
            },
          }
        }
      >
        More &gt;
      </Link>
    </div>
  </div>
</div>
`;
